exit 0
empty: 1 -1 -1 -1 -1
pushed: [0, 1, 2, 3] front 0 back 3 count 4
popped: 0 3 [1, 2]
emptied: -1 [] true
wrapped: [2, 3, 4, 5] allocations 1
grown while wrapped: [1, 2, 3, 4, 5] allocations 2
walks: sum 15 then [10, 20, 30, 40, 50]
front only: [19, 18, 17, 16, 15, 14, 13, 12, 11, 10, 9, 8, 7]
small start: 1 allocation for 8
doubled: 2 allocations
within the reserve: 3 allocations
shrink: 4 allocations, 3 frees, count 9, 99 to 91
shrink of none: 4 frees
again: 5 allocations
after the block: 5 frees
find: [2, 4, 6] 3 4
update: 3 [10, 2, 30, 4, 50, 6]
removed inside: 30 [10, 2, 4, 50, 6]
remove: 2 6 [2, 4]
eq: true false true
[0,2,4,8]
dup: [-1, 0, 2, 4, 8] [0, 2, 4]
clear: 0 true []
made, torn 0
taken -1 2, front 0, torn 0
taken ones torn at their block, torn 3
removed 1, torn 4
copy deleted, torn 6
after the block, torn 7
pointers: 3 alive, front was 2
after the deque, 3 alive
after delete, 0 alive
through Iterable: 7
