exit 0
refused
refused
{"type":"Numbers","small":0,"octet":0,"n":0,"wide":0,"f":0}
refused
refused
refused
refused
{"type":"Numbers","small":0,"octet":0,"n":-9223372036854775808,"wide":0,"f":0}
refused
{"type":"Numbers","small":-128,"octet":0,"n":0,"wide":0,"f":0}
refused
refused
{"type":"Numbers","small":0,"octet":255,"n":0,"wide":0,"f":0}
refused
refused
refused
{"type":"Numbers","small":0,"octet":0,"n":0,"wide":18446744073709551615,"f":0}
refused
{"type":"Numbers","small":0,"octet":0,"n":0,"wide":0,"f":0}
{"type":"Numbers","small":0,"octet":0,"n":0,"wide":0,"f":-150}
refused
refused
refused
refused
refused
{"type":"Named","name":"é"}
refused
refused
refused
refused
{"type":"Drawing","shape":{"Rect":{"w":2,"h":0}},"at":null,"size":null,"label":""}
{"type":"Drawing","shape":{"Circle":{"r":0}},"at":null,"size":null,"label":""}
refused
refused
refused
refused
refused
refused
refused
refused
refused
{"type":"Drawing","shape":{"Circle":{"r":0}},"at":{"x":1,"y":0},"size":4,"label":""}
{"type":"Drawing","shape":{"Circle":{"r":0}},"at":null,"size":null,"label":""}
refused
refused
refused
refused
refused
refused
refused
{"type":"Drawing","shape":{"Rect":{"w":2,"h":3}},"at":{"x":1,"y":2},"size":42,"label":"aé\"b"}
cut 95 accepted 0
