exit 0
{"type":"Floats","d":0,"s":0,"h":0}
{"type":"Floats","d":-0,"s":0,"h":0}
{"type":"Floats","d":0.1,"s":0,"h":0}
{"type":"Floats","d":0.30000000000000004,"s":0,"h":0}
{"type":"Floats","d":0.3333333333333333,"s":0,"h":0}
{"type":"Floats","d":0.6666666666666666,"s":0,"h":0}
{"type":"Floats","d":1e+23,"s":0,"h":0}
{"type":"Floats","d":1e+22,"s":0,"h":0}
{"type":"Floats","d":1e+21,"s":0,"h":0}
{"type":"Floats","d":1000000000000000,"s":0,"h":0}
{"type":"Floats","d":1e+16,"s":0,"h":0}
{"type":"Floats","d":1.2345678901234568e+17,"s":0,"h":0}
{"type":"Floats","d":9007199254740992,"s":0,"h":0}
{"type":"Floats","d":0.000123,"s":0,"h":0}
{"type":"Floats","d":1.23e-05,"s":0,"h":0}
{"type":"Floats","d":100,"s":0,"h":0}
{"type":"Floats","d":2.5e-10,"s":0,"h":0}
{"type":"Floats","d":-1.5,"s":0,"h":0}
{"type":"Floats","d":5e-324,"s":0,"h":0}
{"type":"Floats","d":2.2250738585072014e-308,"s":0,"h":0}
{"type":"Floats","d":2.225073858507201e-308,"s":0,"h":0}
{"type":"Floats","d":1.7976931348623157e+308,"s":0,"h":0}
{"type":"Floats","d":-1.7976931348623157e+308,"s":0,"h":0}
{"type":"Floats","d":1.5e-323,"s":0,"h":0}
{"type":"Floats","d":4.35,"s":0,"h":0}
{"type":"Floats","d":0.3,"s":0,"h":0}
{"type":"Floats","d":1e-07,"s":0,"h":0}
{"type":"Floats","d":9500000000000000,"s":0,"h":0}
{"type":"Floats","d":2.5,"s":0,"h":0}
{"type":"Floats","d":0.35,"s":0,"h":0}
{"type":"Floats","d":0.45,"s":0,"h":0}
{"type":"Floats","d":0.95,"s":0,"h":0}
{"type":"Floats","d":99.95,"s":0,"h":0}
{"type":"Floats","d":-0.04,"s":0,"h":0}
{"type":"Floats","d":1.005,"s":0,"h":0}
{"type":"Floats","d":999.9999,"s":0,"h":0}
{"type":"Floats","d":9.9995,"s":0,"h":0}
{"type":"Floats","d":1e+300,"s":0,"h":0}
{"type":"Floats","d":1e-100,"s":0,"h":0}
{"type":"Floats","d":123.456,"s":0,"h":0}
{"type":"Floats","d":5e-05,"s":0,"h":0}
{"type":"Floats","d":0.0015,"s":0,"h":0}
{"type":"Floats","d":0,"s":0.1,"h":0}
{"type":"Floats","d":0,"s":0.33333334,"h":0}
{"type":"Floats","d":0,"s":16777216,"h":0}
{"type":"Floats","d":0,"s":3.4028235e+38,"h":0}
{"type":"Floats","d":0,"s":1e-45,"h":0}
{"type":"Floats","d":0,"s":1.1754944e-38,"h":0}
{"type":"Floats","d":0,"s":0.2,"h":0}
{"type":"Floats","d":0,"s":10000000000,"h":0}
{"type":"Floats","d":0,"s":7e-45,"h":0}
{"type":"Floats","d":0,"s":123456.7,"h":0}
{"type":"Floats","d":0,"s":-0,"h":0}
{"type":"Floats","d":0,"s":0,"h":0.099975586}
{"type":"Floats","d":0,"s":0,"h":65504}
{"type":"Floats","d":0,"s":0,"h":6.1035156e-05}
{"type":"Floats","d":0,"s":0,"h":5.9604645e-08}
{"type":"Floats","d":0,"s":0,"h":0.33325195}
{"type":"Floats","d":0,"s":0,"h":-2.5}
{"type":"Floats","d":0,"s":0,"h":1000.5}
{"type":"Floats","d":0,"s":0,"h":1.001358e-05}
{"type":"Floats","d":9007199254740992,"s":0,"h":0}
{"type":"Floats","d":9007199254740994,"s":0,"h":0}
{"type":"Floats","d":0,"s":0,"h":0}
{"type":"Floats","d":5e-324,"s":0,"h":0}
{"type":"Floats","d":1.7976931348623157e+308,"s":0,"h":0}
{"type":"Floats","d":0,"s":1.0000001,"h":0}
{"type":"Floats","d":0,"s":1.0000002,"h":0}
{"type":"Floats","d":0,"s":0,"h":1.0009766}
{"type":"Floats","d":0,"s":0,"h":1.0019531}
refused
